sequenceXMLFile=simulation_test\sequence.xml
runMode=-start
DART_HOME=C:\Users\OUSSEMA\DART
DART_LOCAL=C:\Users\OUSSEMA\DART\user_data
"Launcher used: $1 $2"
           DartSequencer 1.0
Sequencer file : simulation_test\sequence.xml
 **************************************************
C:\Users\OUSSEMA\DART\user_data\simulations\simulation_test\sequence.xml

DartSequencerParameter n 1
 -> numGroupe = 1
 -> nomParam  = object_3d.ObjectList.Object[0].file_src
 -> nbValue   = 1

DartSequencerParameter n 2
 -> numGroupe = 1
 -> nomParam  = object_3d.ObjectList.Object[1].file_src
 -> nbValue   = 1

DartSequencerParameter n 3
 -> numGroupe = 1
 -> nomParam  = object_3d.ObjectList.Object[2].file_src
 -> nbValue   = 1

DartSequencerParameter n 4
 -> numGroupe = 1
 -> nomParam  = object_3d.ObjectList.Object[3].file_src
 -> nbValue   = 1

DartSequencerParameter n 5
 -> numGroupe = 1
 -> nomParam  = object_3d.ObjectList.Object[4].file_src
 -> nbValue   = 1

DartSequencerParameter n 6
 -> numGroupe = 1
 -> nomParam  = object_3d.ObjectList.Object[5].file_src
 -> nbValue   = 1

DartSequencerParameter n 7
 -> numGroupe = 1
 -> nomParam  = object_3d.ObjectList.Object[6].file_src
 -> nbValue   = 1

DartSequencerParameter n 8
 -> numGroupe = 1
 -> nomParam  = object_3d.ObjectList.Object[7].file_src
 -> nbValue   = 1

DartSequencerParameter n 9
 -> numGroupe = 1
 -> nomParam  = object_3d.ObjectList.Object[8].file_src
 -> nbValue   = 1

DartSequencerParameter n 10
 -> numGroupe = 1
 -> nomParam  = object_3d.ObjectList.Object[9].file_src
 -> nbValue   = 1

DartSequencerParameter n 11
 -> numGroupe = 1
 -> nomParam  = object_3d.ObjectList.Object[10].file_src
 -> nbValue   = 1

DartSequencerParameter n 12
 -> numGroupe = 1
 -> nomParam  = object_3d.ObjectList.Object[11].file_src
 -> nbValue   = 1

DartSequencerParameter n 13
 -> numGroupe = 1
 -> nomParam  = object_3d.ObjectList.Object[12].file_src
 -> nbValue   = 1

DartSequencerParameter n 14
 -> numGroupe = 1
 -> nomParam  = object_3d.ObjectList.Object[13].file_src
 -> nbValue   = 1

DartSequencerParameter n 15
 -> numGroupe = 1
 -> nomParam  = object_3d.ObjectList.Object[14].file_src
 -> nbValue   = 1

DartSequencerParameter n 16
 -> numGroupe = 1
 -> nomParam  = object_3d.ObjectList.Object[15].file_src
 -> nbValue   = 1

DartSequencerParameter n 17
 -> numGroupe = 1
 -> nomParam  = object_3d.ObjectList.Object[16].file_src
 -> nbValue   = 1

DartSequencerParameter n 18
 -> numGroupe = 1
 -> nomParam  = object_3d.ObjectList.Object[17].file_src
 -> nbValue   = 1

DartSequencerParameter n 19
 -> numGroupe = 1
 -> nomParam  = object_3d.ObjectList.Object[18].file_src
 -> nbValue   = 1

DartSequencerParameter n 20
 -> numGroupe = 1
 -> nomParam  = object_3d.ObjectList.Object[19].file_src
 -> nbValue   = 1

DartSequencerParameter n 21
 -> numGroupe = 1
 -> nomParam  = object_3d.ObjectList.Object[20].file_src
 -> nbValue   = 1

DartSequencerParameter n 22
 -> numGroupe = 1
 -> nomParam  = object_3d.ObjectList.Object[21].file_src
 -> nbValue   = 1

DartSequencerParameter n 23
 -> numGroupe = 1
 -> nomParam  = object_3d.ObjectList.Object[22].file_src
 -> nbValue   = 1

DartSequencerParameter n 24
 -> numGroupe = 1
 -> nomParam  = object_3d.ObjectList.Object[23].file_src
 -> nbValue   = 1

DartSequencerParameter n 25
 -> numGroupe = 1
 -> nomParam  = object_3d.ObjectList.Object[24].file_src
 -> nbValue   = 1

DartSequencerParameter n 26
 -> numGroupe = 1
 -> nomParam  = object_3d.ObjectList.Object[25].file_src
 -> nbValue   = 1

DartSequencerParameter n 27
 -> numGroupe = 1
 -> nomParam  = object_3d.ObjectList.Object[26].file_src
 -> nbValue   = 1

DartSequencerParameter n 28
 -> numGroupe = 1
 -> nomParam  = object_3d.ObjectList.Object[27].file_src
 -> nbValue   = 1

DartSequencerParameter n 29
 -> numGroupe = 1
 -> nomParam  = object_3d.ObjectList.Object[28].file_src
 -> nbValue   = 1

DartSequencerParameter n 30
 -> numGroupe = 1
 -> nomParam  = object_3d.ObjectList.Object[29].file_src
 -> nbValue   = 1

DartSequencerParameter n 31
 -> numGroupe = 1
 -> nomParam  = object_3d.ObjectList.Object[30].file_src
 -> nbValue   = 1

DartSequencerParameter n 32
 -> numGroupe = 1
 -> nomParam  = object_3d.ObjectList.Object[31].file_src
 -> nbValue   = 1

DartSequencerParameter n 33
 -> numGroupe = 1
 -> nomParam  = object_3d.ObjectList.Object[32].file_src
 -> nbValue   = 1

DartSequencerParameter n 34
 -> numGroupe = 1
 -> nomParam  = object_3d.ObjectList.Object[33].file_src
 -> nbValue   = 1

DartSequencerParameter n 35
 -> numGroupe = 1
 -> nomParam  = object_3d.ObjectList.Object[34].file_src
 -> nbValue   = 1

DartSequencerParameter n 36
 -> numGroupe = 1
 -> nomParam  = object_3d.ObjectList.Object[35].file_src
 -> nbValue   = 1

DartSequencerParameter n 37
 -> numGroupe = 1
 -> nomParam  = object_3d.ObjectList.Object[36].file_src
 -> nbValue   = 1

DartSequencerParameter n 38
 -> numGroupe = 1
 -> nomParam  = object_3d.ObjectList.Object[37].file_src
 -> nbValue   = 1

DartSequencerParameter n 39
 -> numGroupe = 1
 -> nomParam  = object_3d.ObjectList.Object[38].file_src
 -> nbValue   = 1

DartSequencerParameter n 40
 -> numGroupe = 1
 -> nomParam  = object_3d.ObjectList.Object[39].file_src
 -> nbValue   = 1

DartSequencerParameter n 41
 -> numGroupe = 1
 -> nomParam  = object_3d.ObjectList.Object[40].file_src
 -> nbValue   = 1

DartSequencerParameter n 42
 -> numGroupe = 1
 -> nomParam  = object_3d.ObjectList.Object[41].file_src
 -> nbValue   = 1

DartSequencerParameter n 43
 -> numGroupe = 1
 -> nomParam  = object_3d.ObjectList.Object[42].file_src
 -> nbValue   = 1

DartSequencerParameter n 44
 -> numGroupe = 1
 -> nomParam  = object_3d.ObjectList.Object[43].file_src
 -> nbValue   = 1

DartSequencerParameter n 45
 -> numGroupe = 1
 -> nomParam  = object_3d.ObjectList.Object[44].file_src
 -> nbValue   = 1

DartSequencerParameter n 46
 -> numGroupe = 1
 -> nomParam  = object_3d.ObjectList.Object[45].file_src
 -> nbValue   = 1

DartSequencerParameter n 47
 -> numGroupe = 1
 -> nomParam  = object_3d.ObjectList.Object[46].file_src
 -> nbValue   = 1

DartSequencerParameter n 48
 -> numGroupe = 1
 -> nomParam  = object_3d.ObjectList.Object[47].file_src
 -> nbValue   = 1

DartSequencerParameter n 49
 -> numGroupe = 1
 -> nomParam  = object_3d.ObjectList.Object[48].file_src
 -> nbValue   = 1

DartSequencerParameter n 50
 -> numGroupe = 1
 -> nomParam  = object_3d.ObjectList.Object[49].file_src
 -> nbValue   = 1

DartSequencerParameter n 51
 -> numGroupe = 1
 -> nomParam  = object_3d.ObjectList.Object[50].file_src
 -> nbValue   = 1

DartSequencerParameter n 52
 -> numGroupe = 1
 -> nomParam  = object_3d.ObjectList.Object[51].file_src
 -> nbValue   = 1

DartSequencerParameter n 53
 -> numGroupe = 1
 -> nomParam  = object_3d.ObjectList.Object[52].file_src
 -> nbValue   = 1

DartSequencerParameter n 54
 -> numGroupe = 1
 -> nomParam  = object_3d.ObjectList.Object[53].file_src
 -> nbValue   = 1

DartSequencerParameter n 55
 -> numGroupe = 1
 -> nomParam  = object_3d.ObjectList.Object[54].file_src
 -> nbValue   = 1

DartSequencerParameter n 56
 -> numGroupe = 1
 -> nomParam  = object_3d.ObjectList.Object[55].file_src
 -> nbValue   = 1

DartSequencerParameter n 57
 -> numGroupe = 1
 -> nomParam  = object_3d.ObjectList.Object[56].file_src
 -> nbValue   = 1

DartSequencerParameter n 58
 -> numGroupe = 1
 -> nomParam  = object_3d.ObjectList.Object[57].file_src
 -> nbValue   = 1

DartSequencerParameter n 59
 -> numGroupe = 1
 -> nomParam  = object_3d.ObjectList.Object[58].file_src
 -> nbValue   = 1

DartSequencerParameter n 60
 -> numGroupe = 1
 -> nomParam  = object_3d.ObjectList.Object[59].file_src
 -> nbValue   = 1

DartSequencerParameter n 61
 -> numGroupe = 1
 -> nomParam  = object_3d.ObjectList.Object[0].GeometricProperties.ScaleProperties.xscale
 -> nbValue   = 1

DartSequencerParameter n 62
 -> numGroupe = 1
 -> nomParam  = object_3d.ObjectList.Object[0].GeometricProperties.ScaleProperties.yscale
 -> nbValue   = 1

DartSequencerParameter n 63
 -> numGroupe = 1
 -> nomParam  = object_3d.ObjectList.Object[0].GeometricProperties.ScaleProperties.zscale
 -> nbValue   = 1

DartSequencerParameter n 64
 -> numGroupe = 1
 -> nomParam  = object_3d.ObjectList.Object[1].GeometricProperties.ScaleProperties.xscale
 -> nbValue   = 1

DartSequencerParameter n 65
 -> numGroupe = 1
 -> nomParam  = object_3d.ObjectList.Object[1].GeometricProperties.ScaleProperties.yscale
 -> nbValue   = 1

DartSequencerParameter n 66
 -> numGroupe = 1
 -> nomParam  = object_3d.ObjectList.Object[1].GeometricProperties.ScaleProperties.zscale
 -> nbValue   = 1

DartSequencerParameter n 67
 -> numGroupe = 1
 -> nomParam  = object_3d.ObjectList.Object[2].GeometricProperties.ScaleProperties.xscale
 -> nbValue   = 1

DartSequencerParameter n 68
 -> numGroupe = 1
 -> nomParam  = object_3d.ObjectList.Object[2].GeometricProperties.ScaleProperties.yscale
 -> nbValue   = 1

DartSequencerParameter n 69
 -> numGroupe = 1
 -> nomParam  = object_3d.ObjectList.Object[2].GeometricProperties.ScaleProperties.zscale
 -> nbValue   = 1

DartSequencerParameter n 70
 -> numGroupe = 1
 -> nomParam  = object_3d.ObjectList.Object[3].GeometricProperties.ScaleProperties.xscale
 -> nbValue   = 1

DartSequencerParameter n 71
 -> numGroupe = 1
 -> nomParam  = object_3d.ObjectList.Object[3].GeometricProperties.ScaleProperties.yscale
 -> nbValue   = 1

DartSequencerParameter n 72
 -> numGroupe = 1
 -> nomParam  = object_3d.ObjectList.Object[3].GeometricProperties.ScaleProperties.zscale
 -> nbValue   = 1

DartSequencerParameter n 73
 -> numGroupe = 1
 -> nomParam  = object_3d.ObjectList.Object[4].GeometricProperties.ScaleProperties.xscale
 -> nbValue   = 1

DartSequencerParameter n 74
 -> numGroupe = 1
 -> nomParam  = object_3d.ObjectList.Object[4].GeometricProperties.ScaleProperties.yscale
 -> nbValue   = 1

DartSequencerParameter n 75
 -> numGroupe = 1
 -> nomParam  = object_3d.ObjectList.Object[4].GeometricProperties.ScaleProperties.zscale
 -> nbValue   = 1

DartSequencerParameter n 76
 -> numGroupe = 1
 -> nomParam  = object_3d.ObjectList.Object[5].GeometricProperties.ScaleProperties.xscale
 -> nbValue   = 1

DartSequencerParameter n 77
 -> numGroupe = 1
 -> nomParam  = object_3d.ObjectList.Object[5].GeometricProperties.ScaleProperties.yscale
 -> nbValue   = 1

DartSequencerParameter n 78
 -> numGroupe = 1
 -> nomParam  = object_3d.ObjectList.Object[5].GeometricProperties.ScaleProperties.zscale
 -> nbValue   = 1

DartSequencerParameter n 79
 -> numGroupe = 1
 -> nomParam  = object_3d.ObjectList.Object[6].GeometricProperties.ScaleProperties.xscale
 -> nbValue   = 1

DartSequencerParameter n 80
 -> numGroupe = 1
 -> nomParam  = object_3d.ObjectList.Object[6].GeometricProperties.ScaleProperties.yscale
 -> nbValue   = 1

DartSequencerParameter n 81
 -> numGroupe = 1
 -> nomParam  = object_3d.ObjectList.Object[6].GeometricProperties.ScaleProperties.zscale
 -> nbValue   = 1

DartSequencerParameter n 82
 -> numGroupe = 1
 -> nomParam  = object_3d.ObjectList.Object[7].GeometricProperties.ScaleProperties.xscale
 -> nbValue   = 1

DartSequencerParameter n 83
 -> numGroupe = 1
 -> nomParam  = object_3d.ObjectList.Object[7].GeometricProperties.ScaleProperties.yscale
 -> nbValue   = 1

DartSequencerParameter n 84
 -> numGroupe = 1
 -> nomParam  = object_3d.ObjectList.Object[7].GeometricProperties.ScaleProperties.zscale
 -> nbValue   = 1

DartSequencerParameter n 85
 -> numGroupe = 1
 -> nomParam  = object_3d.ObjectList.Object[8].GeometricProperties.ScaleProperties.xscale
 -> nbValue   = 1

DartSequencerParameter n 86
 -> numGroupe = 1
 -> nomParam  = object_3d.ObjectList.Object[8].GeometricProperties.ScaleProperties.yscale
 -> nbValue   = 1

DartSequencerParameter n 87
 -> numGroupe = 1
 -> nomParam  = object_3d.ObjectList.Object[8].GeometricProperties.ScaleProperties.zscale
 -> nbValue   = 1

DartSequencerParameter n 88
 -> numGroupe = 1
 -> nomParam  = object_3d.ObjectList.Object[9].GeometricProperties.ScaleProperties.xscale
 -> nbValue   = 1

DartSequencerParameter n 89
 -> numGroupe = 1
 -> nomParam  = object_3d.ObjectList.Object[9].GeometricProperties.ScaleProperties.yscale
 -> nbValue   = 1

DartSequencerParameter n 90
 -> numGroupe = 1
 -> nomParam  = object_3d.ObjectList.Object[9].GeometricProperties.ScaleProperties.zscale
 -> nbValue   = 1

DartSequencerParameter n 91
 -> numGroupe = 1
 -> nomParam  = object_3d.ObjectList.Object[10].GeometricProperties.ScaleProperties.xscale
 -> nbValue   = 1

DartSequencerParameter n 92
 -> numGroupe = 1
 -> nomParam  = object_3d.ObjectList.Object[10].GeometricProperties.ScaleProperties.yscale
 -> nbValue   = 1

DartSequencerParameter n 93
 -> numGroupe = 1
 -> nomParam  = object_3d.ObjectList.Object[10].GeometricProperties.ScaleProperties.zscale
 -> nbValue   = 1

DartSequencerParameter n 94
 -> numGroupe = 1
 -> nomParam  = object_3d.ObjectList.Object[11].GeometricProperties.ScaleProperties.xscale
 -> nbValue   = 1

DartSequencerParameter n 95
 -> numGroupe = 1
 -> nomParam  = object_3d.ObjectList.Object[11].GeometricProperties.ScaleProperties.yscale
 -> nbValue   = 1

DartSequencerParameter n 96
 -> numGroupe = 1
 -> nomParam  = object_3d.ObjectList.Object[11].GeometricProperties.ScaleProperties.zscale
 -> nbValue   = 1

DartSequencerParameter n 97
 -> numGroupe = 1
 -> nomParam  = object_3d.ObjectList.Object[12].GeometricProperties.ScaleProperties.xscale
 -> nbValue   = 1

DartSequencerParameter n 98
 -> numGroupe = 1
 -> nomParam  = object_3d.ObjectList.Object[12].GeometricProperties.ScaleProperties.yscale
 -> nbValue   = 1

DartSequencerParameter n 99
 -> numGroupe = 1
 -> nomParam  = object_3d.ObjectList.Object[12].GeometricProperties.ScaleProperties.zscale
 -> nbValue   = 1

DartSequencerParameter n 100
 -> numGroupe = 1
 -> nomParam  = object_3d.ObjectList.Object[13].GeometricProperties.ScaleProperties.xscale
 -> nbValue   = 1

DartSequencerParameter n 101
 -> numGroupe = 1
 -> nomParam  = object_3d.ObjectList.Object[13].GeometricProperties.ScaleProperties.yscale
 -> nbValue   = 1

DartSequencerParameter n 102
 -> numGroupe = 1
 -> nomParam  = object_3d.ObjectList.Object[13].GeometricProperties.ScaleProperties.zscale
 -> nbValue   = 1

DartSequencerParameter n 103
 -> numGroupe = 1
 -> nomParam  = object_3d.ObjectList.Object[14].GeometricProperties.ScaleProperties.xscale
 -> nbValue   = 1

DartSequencerParameter n 104
 -> numGroupe = 1
 -> nomParam  = object_3d.ObjectList.Object[14].GeometricProperties.ScaleProperties.yscale
 -> nbValue   = 1

DartSequencerParameter n 105
 -> numGroupe = 1
 -> nomParam  = object_3d.ObjectList.Object[14].GeometricProperties.ScaleProperties.zscale
 -> nbValue   = 1

DartSequencerParameter n 106
 -> numGroupe = 1
 -> nomParam  = object_3d.ObjectList.Object[15].GeometricProperties.ScaleProperties.xscale
 -> nbValue   = 1

DartSequencerParameter n 107
 -> numGroupe = 1
 -> nomParam  = object_3d.ObjectList.Object[15].GeometricProperties.ScaleProperties.yscale
 -> nbValue   = 1

DartSequencerParameter n 108
 -> numGroupe = 1
 -> nomParam  = object_3d.ObjectList.Object[15].GeometricProperties.ScaleProperties.zscale
 -> nbValue   = 1

DartSequencerParameter n 109
 -> numGroupe = 1
 -> nomParam  = object_3d.ObjectList.Object[16].GeometricProperties.ScaleProperties.xscale
 -> nbValue   = 1

DartSequencerParameter n 110
 -> numGroupe = 1
 -> nomParam  = object_3d.ObjectList.Object[16].GeometricProperties.ScaleProperties.yscale
 -> nbValue   = 1

DartSequencerParameter n 111
 -> numGroupe = 1
 -> nomParam  = object_3d.ObjectList.Object[16].GeometricProperties.ScaleProperties.zscale
 -> nbValue   = 1

DartSequencerParameter n 112
 -> numGroupe = 1
 -> nomParam  = object_3d.ObjectList.Object[17].GeometricProperties.ScaleProperties.xscale
 -> nbValue   = 1

DartSequencerParameter n 113
 -> numGroupe = 1
 -> nomParam  = object_3d.ObjectList.Object[17].GeometricProperties.ScaleProperties.yscale
 -> nbValue   = 1

DartSequencerParameter n 114
 -> numGroupe = 1
 -> nomParam  = object_3d.ObjectList.Object[17].GeometricProperties.ScaleProperties.zscale
 -> nbValue   = 1

DartSequencerParameter n 115
 -> numGroupe = 1
 -> nomParam  = object_3d.ObjectList.Object[18].GeometricProperties.ScaleProperties.xscale
 -> nbValue   = 1

DartSequencerParameter n 116
 -> numGroupe = 1
 -> nomParam  = object_3d.ObjectList.Object[18].GeometricProperties.ScaleProperties.yscale
 -> nbValue   = 1

DartSequencerParameter n 117
 -> numGroupe = 1
 -> nomParam  = object_3d.ObjectList.Object[18].GeometricProperties.ScaleProperties.zscale
 -> nbValue   = 1

DartSequencerParameter n 118
 -> numGroupe = 1
 -> nomParam  = object_3d.ObjectList.Object[19].GeometricProperties.ScaleProperties.xscale
 -> nbValue   = 1

DartSequencerParameter n 119
 -> numGroupe = 1
 -> nomParam  = object_3d.ObjectList.Object[19].GeometricProperties.ScaleProperties.yscale
 -> nbValue   = 1

DartSequencerParameter n 120
 -> numGroupe = 1
 -> nomParam  = object_3d.ObjectList.Object[19].GeometricProperties.ScaleProperties.zscale
 -> nbValue   = 1

DartSequencerParameter n 121
 -> numGroupe = 1
 -> nomParam  = object_3d.ObjectList.Object[20].GeometricProperties.ScaleProperties.xscale
 -> nbValue   = 1

DartSequencerParameter n 122
 -> numGroupe = 1
 -> nomParam  = object_3d.ObjectList.Object[20].GeometricProperties.ScaleProperties.yscale
 -> nbValue   = 1

DartSequencerParameter n 123
 -> numGroupe = 1
 -> nomParam  = object_3d.ObjectList.Object[20].GeometricProperties.ScaleProperties.zscale
 -> nbValue   = 1

DartSequencerParameter n 124
 -> numGroupe = 1
 -> nomParam  = object_3d.ObjectList.Object[21].GeometricProperties.ScaleProperties.xscale
 -> nbValue   = 1

DartSequencerParameter n 125
 -> numGroupe = 1
 -> nomParam  = object_3d.ObjectList.Object[21].GeometricProperties.ScaleProperties.yscale
 -> nbValue   = 1

DartSequencerParameter n 126
 -> numGroupe = 1
 -> nomParam  = object_3d.ObjectList.Object[21].GeometricProperties.ScaleProperties.zscale
 -> nbValue   = 1

DartSequencerParameter n 127
 -> numGroupe = 1
 -> nomParam  = object_3d.ObjectList.Object[22].GeometricProperties.ScaleProperties.xscale
 -> nbValue   = 1

DartSequencerParameter n 128
 -> numGroupe = 1
 -> nomParam  = object_3d.ObjectList.Object[22].GeometricProperties.ScaleProperties.yscale
 -> nbValue   = 1

DartSequencerParameter n 129
 -> numGroupe = 1
 -> nomParam  = object_3d.ObjectList.Object[22].GeometricProperties.ScaleProperties.zscale
 -> nbValue   = 1

DartSequencerParameter n 130
 -> numGroupe = 1
 -> nomParam  = object_3d.ObjectList.Object[23].GeometricProperties.ScaleProperties.xscale
 -> nbValue   = 1

DartSequencerParameter n 131
 -> numGroupe = 1
 -> nomParam  = object_3d.ObjectList.Object[23].GeometricProperties.ScaleProperties.yscale
 -> nbValue   = 1

DartSequencerParameter n 132
 -> numGroupe = 1
 -> nomParam  = object_3d.ObjectList.Object[23].GeometricProperties.ScaleProperties.zscale
 -> nbValue   = 1

DartSequencerParameter n 133
 -> numGroupe = 1
 -> nomParam  = object_3d.ObjectList.Object[24].GeometricProperties.ScaleProperties.xscale
 -> nbValue   = 1

DartSequencerParameter n 134
 -> numGroupe = 1
 -> nomParam  = object_3d.ObjectList.Object[24].GeometricProperties.ScaleProperties.yscale
 -> nbValue   = 1

DartSequencerParameter n 135
 -> numGroupe = 1
 -> nomParam  = object_3d.ObjectList.Object[24].GeometricProperties.ScaleProperties.zscale
 -> nbValue   = 1

DartSequencerParameter n 136
 -> numGroupe = 1
 -> nomParam  = object_3d.ObjectList.Object[25].GeometricProperties.ScaleProperties.xscale
 -> nbValue   = 1

DartSequencerParameter n 137
 -> numGroupe = 1
 -> nomParam  = object_3d.ObjectList.Object[25].GeometricProperties.ScaleProperties.yscale
 -> nbValue   = 1

DartSequencerParameter n 138
 -> numGroupe = 1
 -> nomParam  = object_3d.ObjectList.Object[25].GeometricProperties.ScaleProperties.zscale
 -> nbValue   = 1

DartSequencerParameter n 139
 -> numGroupe = 1
 -> nomParam  = object_3d.ObjectList.Object[26].GeometricProperties.ScaleProperties.xscale
 -> nbValue   = 1

DartSequencerParameter n 140
 -> numGroupe = 1
 -> nomParam  = object_3d.ObjectList.Object[26].GeometricProperties.ScaleProperties.yscale
 -> nbValue   = 1

DartSequencerParameter n 141
 -> numGroupe = 1
 -> nomParam  = object_3d.ObjectList.Object[26].GeometricProperties.ScaleProperties.zscale
 -> nbValue   = 1

DartSequencerParameter n 142
 -> numGroupe = 1
 -> nomParam  = object_3d.ObjectList.Object[27].GeometricProperties.ScaleProperties.xscale
 -> nbValue   = 1

DartSequencerParameter n 143
 -> numGroupe = 1
 -> nomParam  = object_3d.ObjectList.Object[27].GeometricProperties.ScaleProperties.yscale
 -> nbValue   = 1

DartSequencerParameter n 144
 -> numGroupe = 1
 -> nomParam  = object_3d.ObjectList.Object[27].GeometricProperties.ScaleProperties.zscale
 -> nbValue   = 1

DartSequencerParameter n 145
 -> numGroupe = 1
 -> nomParam  = object_3d.ObjectList.Object[28].GeometricProperties.ScaleProperties.xscale
 -> nbValue   = 1

DartSequencerParameter n 146
 -> numGroupe = 1
 -> nomParam  = object_3d.ObjectList.Object[28].GeometricProperties.ScaleProperties.yscale
 -> nbValue   = 1

DartSequencerParameter n 147
 -> numGroupe = 1
 -> nomParam  = object_3d.ObjectList.Object[28].GeometricProperties.ScaleProperties.zscale
 -> nbValue   = 1

DartSequencerParameter n 148
 -> numGroupe = 1
 -> nomParam  = object_3d.ObjectList.Object[29].GeometricProperties.ScaleProperties.xscale
 -> nbValue   = 1

DartSequencerParameter n 149
 -> numGroupe = 1
 -> nomParam  = object_3d.ObjectList.Object[29].GeometricProperties.ScaleProperties.yscale
 -> nbValue   = 1

DartSequencerParameter n 150
 -> numGroupe = 1
 -> nomParam  = object_3d.ObjectList.Object[29].GeometricProperties.ScaleProperties.zscale
 -> nbValue   = 1

DartSequencerParameter n 151
 -> numGroupe = 1
 -> nomParam  = object_3d.ObjectList.Object[30].GeometricProperties.ScaleProperties.xscale
 -> nbValue   = 1

DartSequencerParameter n 152
 -> numGroupe = 1
 -> nomParam  = object_3d.ObjectList.Object[30].GeometricProperties.ScaleProperties.yscale
 -> nbValue   = 1

DartSequencerParameter n 153
 -> numGroupe = 1
 -> nomParam  = object_3d.ObjectList.Object[30].GeometricProperties.ScaleProperties.zscale
 -> nbValue   = 1

DartSequencerParameter n 154
 -> numGroupe = 1
 -> nomParam  = object_3d.ObjectList.Object[31].GeometricProperties.ScaleProperties.xscale
 -> nbValue   = 1

DartSequencerParameter n 155
 -> numGroupe = 1
 -> nomParam  = object_3d.ObjectList.Object[31].GeometricProperties.ScaleProperties.yscale
 -> nbValue   = 1

DartSequencerParameter n 156
 -> numGroupe = 1
 -> nomParam  = object_3d.ObjectList.Object[31].GeometricProperties.ScaleProperties.zscale
 -> nbValue   = 1

DartSequencerParameter n 157
 -> numGroupe = 1
 -> nomParam  = object_3d.ObjectList.Object[32].GeometricProperties.ScaleProperties.xscale
 -> nbValue   = 1

DartSequencerParameter n 158
 -> numGroupe = 1
 -> nomParam  = object_3d.ObjectList.Object[32].GeometricProperties.ScaleProperties.yscale
 -> nbValue   = 1

DartSequencerParameter n 159
 -> numGroupe = 1
 -> nomParam  = object_3d.ObjectList.Object[32].GeometricProperties.ScaleProperties.zscale
 -> nbValue   = 1

DartSequencerParameter n 160
 -> numGroupe = 1
 -> nomParam  = object_3d.ObjectList.Object[33].GeometricProperties.ScaleProperties.xscale
 -> nbValue   = 1

DartSequencerParameter n 161
 -> numGroupe = 1
 -> nomParam  = object_3d.ObjectList.Object[33].GeometricProperties.ScaleProperties.yscale
 -> nbValue   = 1

DartSequencerParameter n 162
 -> numGroupe = 1
 -> nomParam  = object_3d.ObjectList.Object[33].GeometricProperties.ScaleProperties.zscale
 -> nbValue   = 1

DartSequencerParameter n 163
 -> numGroupe = 1
 -> nomParam  = object_3d.ObjectList.Object[34].GeometricProperties.ScaleProperties.xscale
 -> nbValue   = 1

DartSequencerParameter n 164
 -> numGroupe = 1
 -> nomParam  = object_3d.ObjectList.Object[34].GeometricProperties.ScaleProperties.yscale
 -> nbValue   = 1

DartSequencerParameter n 165
 -> numGroupe = 1
 -> nomParam  = object_3d.ObjectList.Object[34].GeometricProperties.ScaleProperties.zscale
 -> nbValue   = 1

DartSequencerParameter n 166
 -> numGroupe = 1
 -> nomParam  = object_3d.ObjectList.Object[35].GeometricProperties.ScaleProperties.xscale
 -> nbValue   = 1

DartSequencerParameter n 167
 -> numGroupe = 1
 -> nomParam  = object_3d.ObjectList.Object[35].GeometricProperties.ScaleProperties.yscale
 -> nbValue   = 1

DartSequencerParameter n 168
 -> numGroupe = 1
 -> nomParam  = object_3d.ObjectList.Object[35].GeometricProperties.ScaleProperties.zscale
 -> nbValue   = 1

DartSequencerParameter n 169
 -> numGroupe = 1
 -> nomParam  = object_3d.ObjectList.Object[36].GeometricProperties.ScaleProperties.xscale
 -> nbValue   = 1

DartSequencerParameter n 170
 -> numGroupe = 1
 -> nomParam  = object_3d.ObjectList.Object[36].GeometricProperties.ScaleProperties.yscale
 -> nbValue   = 1

DartSequencerParameter n 171
 -> numGroupe = 1
 -> nomParam  = object_3d.ObjectList.Object[36].GeometricProperties.ScaleProperties.zscale
 -> nbValue   = 1

DartSequencerParameter n 172
 -> numGroupe = 1
 -> nomParam  = object_3d.ObjectList.Object[37].GeometricProperties.ScaleProperties.xscale
 -> nbValue   = 1

DartSequencerParameter n 173
 -> numGroupe = 1
 -> nomParam  = object_3d.ObjectList.Object[37].GeometricProperties.ScaleProperties.yscale
 -> nbValue   = 1

DartSequencerParameter n 174
 -> numGroupe = 1
 -> nomParam  = object_3d.ObjectList.Object[37].GeometricProperties.ScaleProperties.zscale
 -> nbValue   = 1

DartSequencerParameter n 175
 -> numGroupe = 1
 -> nomParam  = object_3d.ObjectList.Object[38].GeometricProperties.ScaleProperties.xscale
 -> nbValue   = 1

DartSequencerParameter n 176
 -> numGroupe = 1
 -> nomParam  = object_3d.ObjectList.Object[38].GeometricProperties.ScaleProperties.yscale
 -> nbValue   = 1

DartSequencerParameter n 177
 -> numGroupe = 1
 -> nomParam  = object_3d.ObjectList.Object[38].GeometricProperties.ScaleProperties.zscale
 -> nbValue   = 1

DartSequencerParameter n 178
 -> numGroupe = 1
 -> nomParam  = object_3d.ObjectList.Object[39].GeometricProperties.ScaleProperties.xscale
 -> nbValue   = 1

DartSequencerParameter n 179
 -> numGroupe = 1
 -> nomParam  = object_3d.ObjectList.Object[39].GeometricProperties.ScaleProperties.yscale
 -> nbValue   = 1

DartSequencerParameter n 180
 -> numGroupe = 1
 -> nomParam  = object_3d.ObjectList.Object[39].GeometricProperties.ScaleProperties.zscale
 -> nbValue   = 1

DartSequencerParameter n 181
 -> numGroupe = 1
 -> nomParam  = object_3d.ObjectList.Object[40].GeometricProperties.ScaleProperties.xscale
 -> nbValue   = 1

DartSequencerParameter n 182
 -> numGroupe = 1
 -> nomParam  = object_3d.ObjectList.Object[40].GeometricProperties.ScaleProperties.yscale
 -> nbValue   = 1

DartSequencerParameter n 183
 -> numGroupe = 1
 -> nomParam  = object_3d.ObjectList.Object[40].GeometricProperties.ScaleProperties.zscale
 -> nbValue   = 1

DartSequencerParameter n 184
 -> numGroupe = 1
 -> nomParam  = object_3d.ObjectList.Object[41].GeometricProperties.ScaleProperties.xscale
 -> nbValue   = 1

DartSequencerParameter n 185
 -> numGroupe = 1
 -> nomParam  = object_3d.ObjectList.Object[41].GeometricProperties.ScaleProperties.yscale
 -> nbValue   = 1

DartSequencerParameter n 186
 -> numGroupe = 1
 -> nomParam  = object_3d.ObjectList.Object[41].GeometricProperties.ScaleProperties.zscale
 -> nbValue   = 1

DartSequencerParameter n 187
 -> numGroupe = 1
 -> nomParam  = object_3d.ObjectList.Object[42].GeometricProperties.ScaleProperties.xscale
 -> nbValue   = 1

DartSequencerParameter n 188
 -> numGroupe = 1
 -> nomParam  = object_3d.ObjectList.Object[42].GeometricProperties.ScaleProperties.yscale
 -> nbValue   = 1

DartSequencerParameter n 189
 -> numGroupe = 1
 -> nomParam  = object_3d.ObjectList.Object[42].GeometricProperties.ScaleProperties.zscale
 -> nbValue   = 1

DartSequencerParameter n 190
 -> numGroupe = 1
 -> nomParam  = object_3d.ObjectList.Object[43].GeometricProperties.ScaleProperties.xscale
 -> nbValue   = 1

DartSequencerParameter n 191
 -> numGroupe = 1
 -> nomParam  = object_3d.ObjectList.Object[43].GeometricProperties.ScaleProperties.yscale
 -> nbValue   = 1

DartSequencerParameter n 192
 -> numGroupe = 1
 -> nomParam  = object_3d.ObjectList.Object[43].GeometricProperties.ScaleProperties.zscale
 -> nbValue   = 1

DartSequencerParameter n 193
 -> numGroupe = 1
 -> nomParam  = object_3d.ObjectList.Object[44].GeometricProperties.ScaleProperties.xscale
 -> nbValue   = 1

DartSequencerParameter n 194
 -> numGroupe = 1
 -> nomParam  = object_3d.ObjectList.Object[44].GeometricProperties.ScaleProperties.yscale
 -> nbValue   = 1

DartSequencerParameter n 195
 -> numGroupe = 1
 -> nomParam  = object_3d.ObjectList.Object[44].GeometricProperties.ScaleProperties.zscale
 -> nbValue   = 1

DartSequencerParameter n 196
 -> numGroupe = 1
 -> nomParam  = object_3d.ObjectList.Object[45].GeometricProperties.ScaleProperties.xscale
 -> nbValue   = 1

DartSequencerParameter n 197
 -> numGroupe = 1
 -> nomParam  = object_3d.ObjectList.Object[45].GeometricProperties.ScaleProperties.yscale
 -> nbValue   = 1

DartSequencerParameter n 198
 -> numGroupe = 1
 -> nomParam  = object_3d.ObjectList.Object[45].GeometricProperties.ScaleProperties.zscale
 -> nbValue   = 1

DartSequencerParameter n 199
 -> numGroupe = 1
 -> nomParam  = object_3d.ObjectList.Object[46].GeometricProperties.ScaleProperties.xscale
 -> nbValue   = 1

DartSequencerParameter n 200
 -> numGroupe = 1
 -> nomParam  = object_3d.ObjectList.Object[46].GeometricProperties.ScaleProperties.yscale
 -> nbValue   = 1

DartSequencerParameter n 201
 -> numGroupe = 1
 -> nomParam  = object_3d.ObjectList.Object[46].GeometricProperties.ScaleProperties.zscale
 -> nbValue   = 1

DartSequencerParameter n 202
 -> numGroupe = 1
 -> nomParam  = object_3d.ObjectList.Object[47].GeometricProperties.ScaleProperties.xscale
 -> nbValue   = 1

DartSequencerParameter n 203
 -> numGroupe = 1
 -> nomParam  = object_3d.ObjectList.Object[47].GeometricProperties.ScaleProperties.yscale
 -> nbValue   = 1

DartSequencerParameter n 204
 -> numGroupe = 1
 -> nomParam  = object_3d.ObjectList.Object[47].GeometricProperties.ScaleProperties.zscale
 -> nbValue   = 1

DartSequencerParameter n 205
 -> numGroupe = 1
 -> nomParam  = object_3d.ObjectList.Object[48].GeometricProperties.ScaleProperties.xscale
 -> nbValue   = 1

DartSequencerParameter n 206
 -> numGroupe = 1
 -> nomParam  = object_3d.ObjectList.Object[48].GeometricProperties.ScaleProperties.yscale
 -> nbValue   = 1

DartSequencerParameter n 207
 -> numGroupe = 1
 -> nomParam  = object_3d.ObjectList.Object[48].GeometricProperties.ScaleProperties.zscale
 -> nbValue   = 1

DartSequencerParameter n 208
 -> numGroupe = 1
 -> nomParam  = object_3d.ObjectList.Object[49].GeometricProperties.ScaleProperties.xscale
 -> nbValue   = 1

DartSequencerParameter n 209
 -> numGroupe = 1
 -> nomParam  = object_3d.ObjectList.Object[49].GeometricProperties.ScaleProperties.yscale
 -> nbValue   = 1

DartSequencerParameter n 210
 -> numGroupe = 1
 -> nomParam  = object_3d.ObjectList.Object[49].GeometricProperties.ScaleProperties.zscale
 -> nbValue   = 1

DartSequencerParameter n 211
 -> numGroupe = 1
 -> nomParam  = object_3d.ObjectList.Object[50].GeometricProperties.ScaleProperties.xscale
 -> nbValue   = 1

DartSequencerParameter n 212
 -> numGroupe = 1
 -> nomParam  = object_3d.ObjectList.Object[50].GeometricProperties.ScaleProperties.yscale
 -> nbValue   = 1

DartSequencerParameter n 213
 -> numGroupe = 1
 -> nomParam  = object_3d.ObjectList.Object[50].GeometricProperties.ScaleProperties.zscale
 -> nbValue   = 1

DartSequencerParameter n 214
 -> numGroupe = 1
 -> nomParam  = object_3d.ObjectList.Object[51].GeometricProperties.ScaleProperties.xscale
 -> nbValue   = 1

DartSequencerParameter n 215
 -> numGroupe = 1
 -> nomParam  = object_3d.ObjectList.Object[51].GeometricProperties.ScaleProperties.yscale
 -> nbValue   = 1

DartSequencerParameter n 216
 -> numGroupe = 1
 -> nomParam  = object_3d.ObjectList.Object[51].GeometricProperties.ScaleProperties.zscale
 -> nbValue   = 1

DartSequencerParameter n 217
 -> numGroupe = 1
 -> nomParam  = object_3d.ObjectList.Object[52].GeometricProperties.ScaleProperties.xscale
 -> nbValue   = 1

DartSequencerParameter n 218
 -> numGroupe = 1
 -> nomParam  = object_3d.ObjectList.Object[52].GeometricProperties.ScaleProperties.yscale
 -> nbValue   = 1

DartSequencerParameter n 219
 -> numGroupe = 1
 -> nomParam  = object_3d.ObjectList.Object[52].GeometricProperties.ScaleProperties.zscale
 -> nbValue   = 1

DartSequencerParameter n 220
 -> numGroupe = 1
 -> nomParam  = object_3d.ObjectList.Object[53].GeometricProperties.ScaleProperties.xscale
 -> nbValue   = 1

DartSequencerParameter n 221
 -> numGroupe = 1
 -> nomParam  = object_3d.ObjectList.Object[53].GeometricProperties.ScaleProperties.yscale
 -> nbValue   = 1

DartSequencerParameter n 222
 -> numGroupe = 1
 -> nomParam  = object_3d.ObjectList.Object[53].GeometricProperties.ScaleProperties.zscale
 -> nbValue   = 1

DartSequencerParameter n 223
 -> numGroupe = 1
 -> nomParam  = object_3d.ObjectList.Object[54].GeometricProperties.ScaleProperties.xscale
 -> nbValue   = 1

DartSequencerParameter n 224
 -> numGroupe = 1
 -> nomParam  = object_3d.ObjectList.Object[54].GeometricProperties.ScaleProperties.yscale
 -> nbValue   = 1

DartSequencerParameter n 225
 -> numGroupe = 1
 -> nomParam  = object_3d.ObjectList.Object[54].GeometricProperties.ScaleProperties.zscale
 -> nbValue   = 1

DartSequencerParameter n 226
 -> numGroupe = 1
 -> nomParam  = object_3d.ObjectList.Object[55].GeometricProperties.ScaleProperties.xscale
 -> nbValue   = 1

DartSequencerParameter n 227
 -> numGroupe = 1
 -> nomParam  = object_3d.ObjectList.Object[55].GeometricProperties.ScaleProperties.yscale
 -> nbValue   = 1

DartSequencerParameter n 228
 -> numGroupe = 1
 -> nomParam  = object_3d.ObjectList.Object[55].GeometricProperties.ScaleProperties.zscale
 -> nbValue   = 1

DartSequencerParameter n 229
 -> numGroupe = 1
 -> nomParam  = object_3d.ObjectList.Object[56].GeometricProperties.ScaleProperties.xscale
 -> nbValue   = 1

DartSequencerParameter n 230
 -> numGroupe = 1
 -> nomParam  = object_3d.ObjectList.Object[56].GeometricProperties.ScaleProperties.yscale
 -> nbValue   = 1

DartSequencerParameter n 231
 -> numGroupe = 1
 -> nomParam  = object_3d.ObjectList.Object[56].GeometricProperties.ScaleProperties.zscale
 -> nbValue   = 1

DartSequencerParameter n 232
 -> numGroupe = 1
 -> nomParam  = object_3d.ObjectList.Object[57].GeometricProperties.ScaleProperties.xscale
 -> nbValue   = 1

DartSequencerParameter n 233
 -> numGroupe = 1
 -> nomParam  = object_3d.ObjectList.Object[57].GeometricProperties.ScaleProperties.yscale
 -> nbValue   = 1

DartSequencerParameter n 234
 -> numGroupe = 1
 -> nomParam  = object_3d.ObjectList.Object[57].GeometricProperties.ScaleProperties.zscale
 -> nbValue   = 1

DartSequencerParameter n 235
 -> numGroupe = 1
 -> nomParam  = object_3d.ObjectList.Object[58].GeometricProperties.ScaleProperties.xscale
 -> nbValue   = 1

DartSequencerParameter n 236
 -> numGroupe = 1
 -> nomParam  = object_3d.ObjectList.Object[58].GeometricProperties.ScaleProperties.yscale
 -> nbValue   = 1

DartSequencerParameter n 237
 -> numGroupe = 1
 -> nomParam  = object_3d.ObjectList.Object[58].GeometricProperties.ScaleProperties.zscale
 -> nbValue   = 1

DartSequencerParameter n 238
 -> numGroupe = 1
 -> nomParam  = object_3d.ObjectList.Object[59].GeometricProperties.ScaleProperties.xscale
 -> nbValue   = 1

DartSequencerParameter n 239
 -> numGroupe = 1
 -> nomParam  = object_3d.ObjectList.Object[59].GeometricProperties.ScaleProperties.yscale
 -> nbValue   = 1

DartSequencerParameter n 240
 -> numGroupe = 1
 -> nomParam  = object_3d.ObjectList.Object[59].GeometricProperties.ScaleProperties.zscale
 -> nbValue   = 1

DartSequencerParameter n 241
 -> numGroupe = 1
 -> nomParam  = Coeff_diff.Surfaces.LambertianMultiFunctions.LambertianMulti[30].Lambertian.ProspectExternalModule.ProspectExternParameters.Cab
 -> nbValue   = 1

DartSequencerParameter n 242
 -> numGroupe = 1
 -> nomParam  = Coeff_diff.Surfaces.LambertianMultiFunctions.LambertianMulti[31].Lambertian.ProspectExternalModule.ProspectExternParameters.Cab
 -> nbValue   = 1

DartSequencerParameter n 243
 -> numGroupe = 1
 -> nomParam  = Coeff_diff.Surfaces.LambertianMultiFunctions.LambertianMulti[32].Lambertian.ProspectExternalModule.ProspectExternParameters.Cab
 -> nbValue   = 1

DartSequencerParameter n 244
 -> numGroupe = 1
 -> nomParam  = Coeff_diff.Surfaces.LambertianMultiFunctions.LambertianMulti[33].Lambertian.ProspectExternalModule.ProspectExternParameters.Cab
 -> nbValue   = 1

DartSequencerParameter n 245
 -> numGroupe = 1
 -> nomParam  = Coeff_diff.Surfaces.LambertianMultiFunctions.LambertianMulti[34].Lambertian.ProspectExternalModule.ProspectExternParameters.Cab
 -> nbValue   = 1

DartSequencerParameter n 246
 -> numGroupe = 1
 -> nomParam  = Coeff_diff.Surfaces.LambertianMultiFunctions.LambertianMulti[35].Lambertian.ProspectExternalModule.ProspectExternParameters.Cab
 -> nbValue   = 1

DartSequencerParameter n 247
 -> numGroupe = 1
 -> nomParam  = Coeff_diff.Surfaces.LambertianMultiFunctions.LambertianMulti[36].Lambertian.ProspectExternalModule.ProspectExternParameters.Cab
 -> nbValue   = 1

DartSequencerParameter n 248
 -> numGroupe = 1
 -> nomParam  = Coeff_diff.Surfaces.LambertianMultiFunctions.LambertianMulti[37].Lambertian.ProspectExternalModule.ProspectExternParameters.Cab
 -> nbValue   = 1

DartSequencerParameter n 249
 -> numGroupe = 1
 -> nomParam  = Coeff_diff.Surfaces.LambertianMultiFunctions.LambertianMulti[38].Lambertian.ProspectExternalModule.ProspectExternParameters.Cab
 -> nbValue   = 1

DartSequencerParameter n 250
 -> numGroupe = 1
 -> nomParam  = Coeff_diff.Surfaces.LambertianMultiFunctions.LambertianMulti[39].Lambertian.ProspectExternalModule.ProspectExternParameters.Cab
 -> nbValue   = 1

DartSequencerParameter n 251
 -> numGroupe = 1
 -> nomParam  = Coeff_diff.Surfaces.LambertianMultiFunctions.LambertianMulti[40].Lambertian.ProspectExternalModule.ProspectExternParameters.Cab
 -> nbValue   = 1

DartSequencerParameter n 252
 -> numGroupe = 1
 -> nomParam  = Coeff_diff.Surfaces.LambertianMultiFunctions.LambertianMulti[41].Lambertian.ProspectExternalModule.ProspectExternParameters.Cab
 -> nbValue   = 1

DartSequencerParameter n 253
 -> numGroupe = 1
 -> nomParam  = Coeff_diff.Surfaces.LambertianMultiFunctions.LambertianMulti[42].Lambertian.ProspectExternalModule.ProspectExternParameters.Cab
 -> nbValue   = 1

DartSequencerParameter n 254
 -> numGroupe = 1
 -> nomParam  = Coeff_diff.Surfaces.LambertianMultiFunctions.LambertianMulti[43].Lambertian.ProspectExternalModule.ProspectExternParameters.Cab
 -> nbValue   = 1

DartSequencerParameter n 255
 -> numGroupe = 1
 -> nomParam  = Coeff_diff.Surfaces.LambertianMultiFunctions.LambertianMulti[44].Lambertian.ProspectExternalModule.ProspectExternParameters.Cab
 -> nbValue   = 1

DartSequencerParameter n 256
 -> numGroupe = 1
 -> nomParam  = Coeff_diff.Surfaces.LambertianMultiFunctions.LambertianMulti[45].Lambertian.ProspectExternalModule.ProspectExternParameters.Cab
 -> nbValue   = 1

DartSequencerParameter n 257
 -> numGroupe = 1
 -> nomParam  = Coeff_diff.Surfaces.LambertianMultiFunctions.LambertianMulti[46].Lambertian.ProspectExternalModule.ProspectExternParameters.Cab
 -> nbValue   = 1

DartSequencerParameter n 258
 -> numGroupe = 1
 -> nomParam  = Coeff_diff.Surfaces.LambertianMultiFunctions.LambertianMulti[47].Lambertian.ProspectExternalModule.ProspectExternParameters.Cab
 -> nbValue   = 1

DartSequencerParameter n 259
 -> numGroupe = 1
 -> nomParam  = Coeff_diff.Surfaces.LambertianMultiFunctions.LambertianMulti[48].Lambertian.ProspectExternalModule.ProspectExternParameters.Cab
 -> nbValue   = 1

DartSequencerParameter n 260
 -> numGroupe = 1
 -> nomParam  = Coeff_diff.Surfaces.LambertianMultiFunctions.LambertianMulti[49].Lambertian.ProspectExternalModule.ProspectExternParameters.Cab
 -> nbValue   = 1

DartSequencerParameter n 261
 -> numGroupe = 1
 -> nomParam  = Coeff_diff.Surfaces.LambertianMultiFunctions.LambertianMulti[50].Lambertian.ProspectExternalModule.ProspectExternParameters.Cab
 -> nbValue   = 1

DartSequencerParameter n 262
 -> numGroupe = 1
 -> nomParam  = Coeff_diff.Surfaces.LambertianMultiFunctions.LambertianMulti[51].Lambertian.ProspectExternalModule.ProspectExternParameters.Cab
 -> nbValue   = 1

DartSequencerParameter n 263
 -> numGroupe = 1
 -> nomParam  = Coeff_diff.Surfaces.LambertianMultiFunctions.LambertianMulti[52].Lambertian.ProspectExternalModule.ProspectExternParameters.Cab
 -> nbValue   = 1

DartSequencerParameter n 264
 -> numGroupe = 1
 -> nomParam  = Coeff_diff.Surfaces.LambertianMultiFunctions.LambertianMulti[53].Lambertian.ProspectExternalModule.ProspectExternParameters.Cab
 -> nbValue   = 1

DartSequencerParameter n 265
 -> numGroupe = 1
 -> nomParam  = Coeff_diff.Surfaces.LambertianMultiFunctions.LambertianMulti[54].Lambertian.ProspectExternalModule.ProspectExternParameters.Cab
 -> nbValue   = 1

DartSequencerParameter n 266
 -> numGroupe = 1
 -> nomParam  = Coeff_diff.Surfaces.LambertianMultiFunctions.LambertianMulti[55].Lambertian.ProspectExternalModule.ProspectExternParameters.Cab
 -> nbValue   = 1

DartSequencerParameter n 267
 -> numGroupe = 1
 -> nomParam  = Coeff_diff.Surfaces.LambertianMultiFunctions.LambertianMulti[56].Lambertian.ProspectExternalModule.ProspectExternParameters.Cab
 -> nbValue   = 1

DartSequencerParameter n 268
 -> numGroupe = 1
 -> nomParam  = Coeff_diff.Surfaces.LambertianMultiFunctions.LambertianMulti[57].Lambertian.ProspectExternalModule.ProspectExternParameters.Cab
 -> nbValue   = 1

DartSequencerParameter n 269
 -> numGroupe = 1
 -> nomParam  = Coeff_diff.Surfaces.LambertianMultiFunctions.LambertianMulti[58].Lambertian.ProspectExternalModule.ProspectExternParameters.Cab
 -> nbValue   = 1

DartSequencerParameter n 270
 -> numGroupe = 1
 -> nomParam  = Coeff_diff.Surfaces.LambertianMultiFunctions.LambertianMulti[59].Lambertian.ProspectExternalModule.ProspectExternParameters.Cab
 -> nbValue   = 1

DartSequencerParameter n 271
 -> numGroupe = 1
 -> nomParam  = Coeff_diff.Surfaces.LambertianMultiFunctions.LambertianMulti[60].Lambertian.ProspectExternalModule.ProspectExternParameters.Cab
 -> nbValue   = 1

DartSequencerParameter n 272
 -> numGroupe = 1
 -> nomParam  = Coeff_diff.Surfaces.LambertianMultiFunctions.LambertianMulti[61].Lambertian.ProspectExternalModule.ProspectExternParameters.Cab
 -> nbValue   = 1

DartSequencerParameter n 273
 -> numGroupe = 1
 -> nomParam  = Coeff_diff.Surfaces.LambertianMultiFunctions.LambertianMulti[62].Lambertian.ProspectExternalModule.ProspectExternParameters.Cab
 -> nbValue   = 1

DartSequencerParameter n 274
 -> numGroupe = 1
 -> nomParam  = Coeff_diff.Surfaces.LambertianMultiFunctions.LambertianMulti[63].Lambertian.ProspectExternalModule.ProspectExternParameters.Cab
 -> nbValue   = 1

DartSequencerParameter n 275
 -> numGroupe = 1
 -> nomParam  = Coeff_diff.Surfaces.LambertianMultiFunctions.LambertianMulti[64].Lambertian.ProspectExternalModule.ProspectExternParameters.Cab
 -> nbValue   = 1

DartSequencerParameter n 276
 -> numGroupe = 1
 -> nomParam  = Coeff_diff.Surfaces.LambertianMultiFunctions.LambertianMulti[65].Lambertian.ProspectExternalModule.ProspectExternParameters.Cab
 -> nbValue   = 1

DartSequencerParameter n 277
 -> numGroupe = 1
 -> nomParam  = Coeff_diff.Surfaces.LambertianMultiFunctions.LambertianMulti[66].Lambertian.ProspectExternalModule.ProspectExternParameters.Cab
 -> nbValue   = 1

DartSequencerParameter n 278
 -> numGroupe = 1
 -> nomParam  = Coeff_diff.Surfaces.LambertianMultiFunctions.LambertianMulti[67].Lambertian.ProspectExternalModule.ProspectExternParameters.Cab
 -> nbValue   = 1

DartSequencerParameter n 279
 -> numGroupe = 1
 -> nomParam  = Coeff_diff.Surfaces.LambertianMultiFunctions.LambertianMulti[68].Lambertian.ProspectExternalModule.ProspectExternParameters.Cab
 -> nbValue   = 1

DartSequencerParameter n 280
 -> numGroupe = 1
 -> nomParam  = Coeff_diff.Surfaces.LambertianMultiFunctions.LambertianMulti[69].Lambertian.ProspectExternalModule.ProspectExternParameters.Cab
 -> nbValue   = 1

DartSequencerParameter n 281
 -> numGroupe = 1
 -> nomParam  = Coeff_diff.Surfaces.LambertianMultiFunctions.LambertianMulti[70].Lambertian.ProspectExternalModule.ProspectExternParameters.Cab
 -> nbValue   = 1

DartSequencerParameter n 282
 -> numGroupe = 1
 -> nomParam  = Coeff_diff.Surfaces.LambertianMultiFunctions.LambertianMulti[71].Lambertian.ProspectExternalModule.ProspectExternParameters.Cab
 -> nbValue   = 1

DartSequencerParameter n 283
 -> numGroupe = 1
 -> nomParam  = Coeff_diff.Surfaces.LambertianMultiFunctions.LambertianMulti[72].Lambertian.ProspectExternalModule.ProspectExternParameters.Cab
 -> nbValue   = 1

DartSequencerParameter n 284
 -> numGroupe = 1
 -> nomParam  = Coeff_diff.Surfaces.LambertianMultiFunctions.LambertianMulti[73].Lambertian.ProspectExternalModule.ProspectExternParameters.Cab
 -> nbValue   = 1

DartSequencerParameter n 285
 -> numGroupe = 1
 -> nomParam  = Coeff_diff.Surfaces.LambertianMultiFunctions.LambertianMulti[74].Lambertian.ProspectExternalModule.ProspectExternParameters.Cab
 -> nbValue   = 1

DartSequencerParameter n 286
 -> numGroupe = 1
 -> nomParam  = Coeff_diff.Surfaces.LambertianMultiFunctions.LambertianMulti[75].Lambertian.ProspectExternalModule.ProspectExternParameters.Cab
 -> nbValue   = 1

DartSequencerParameter n 287
 -> numGroupe = 1
 -> nomParam  = Coeff_diff.Surfaces.LambertianMultiFunctions.LambertianMulti[76].Lambertian.ProspectExternalModule.ProspectExternParameters.Cab
 -> nbValue   = 1

DartSequencerParameter n 288
 -> numGroupe = 1
 -> nomParam  = Coeff_diff.Surfaces.LambertianMultiFunctions.LambertianMulti[77].Lambertian.ProspectExternalModule.ProspectExternParameters.Cab
 -> nbValue   = 1

DartSequencerParameter n 289
 -> numGroupe = 1
 -> nomParam  = Coeff_diff.Surfaces.LambertianMultiFunctions.LambertianMulti[78].Lambertian.ProspectExternalModule.ProspectExternParameters.Cab
 -> nbValue   = 1

DartSequencerParameter n 290
 -> numGroupe = 1
 -> nomParam  = Coeff_diff.Surfaces.LambertianMultiFunctions.LambertianMulti[79].Lambertian.ProspectExternalModule.ProspectExternParameters.Cab
 -> nbValue   = 1

DartSequencerParameter n 291
 -> numGroupe = 1
 -> nomParam  = Coeff_diff.Surfaces.LambertianMultiFunctions.LambertianMulti[80].Lambertian.ProspectExternalModule.ProspectExternParameters.Cab
 -> nbValue   = 1

DartSequencerParameter n 292
 -> numGroupe = 1
 -> nomParam  = Coeff_diff.Surfaces.LambertianMultiFunctions.LambertianMulti[81].Lambertian.ProspectExternalModule.ProspectExternParameters.Cab
 -> nbValue   = 1

DartSequencerParameter n 293
 -> numGroupe = 1
 -> nomParam  = Coeff_diff.Surfaces.LambertianMultiFunctions.LambertianMulti[82].Lambertian.ProspectExternalModule.ProspectExternParameters.Cab
 -> nbValue   = 1

DartSequencerParameter n 294
 -> numGroupe = 1
 -> nomParam  = Coeff_diff.Surfaces.LambertianMultiFunctions.LambertianMulti[83].Lambertian.ProspectExternalModule.ProspectExternParameters.Cab
 -> nbValue   = 1

DartSequencerParameter n 295
 -> numGroupe = 1
 -> nomParam  = Coeff_diff.Surfaces.LambertianMultiFunctions.LambertianMulti[84].Lambertian.ProspectExternalModule.ProspectExternParameters.Cab
 -> nbValue   = 1

DartSequencerParameter n 296
 -> numGroupe = 1
 -> nomParam  = Coeff_diff.Surfaces.LambertianMultiFunctions.LambertianMulti[85].Lambertian.ProspectExternalModule.ProspectExternParameters.Cab
 -> nbValue   = 1

DartSequencerParameter n 297
 -> numGroupe = 1
 -> nomParam  = Coeff_diff.Surfaces.LambertianMultiFunctions.LambertianMulti[86].Lambertian.ProspectExternalModule.ProspectExternParameters.Cab
 -> nbValue   = 1

DartSequencerParameter n 298
 -> numGroupe = 1
 -> nomParam  = Coeff_diff.Surfaces.LambertianMultiFunctions.LambertianMulti[87].Lambertian.ProspectExternalModule.ProspectExternParameters.Cab
 -> nbValue   = 1

DartSequencerParameter n 299
 -> numGroupe = 1
 -> nomParam  = Coeff_diff.Surfaces.LambertianMultiFunctions.LambertianMulti[88].Lambertian.ProspectExternalModule.ProspectExternParameters.Cab
 -> nbValue   = 1

DartSequencerParameter n 300
 -> numGroupe = 1
 -> nomParam  = Coeff_diff.Surfaces.LambertianMultiFunctions.LambertianMulti[89].Lambertian.ProspectExternalModule.ProspectExternParameters.Cab
 -> nbValue   = 1

DartSequencerParameter n 301
 -> numGroupe = 1
 -> nomParam  = Coeff_diff.Surfaces.LambertianMultiFunctions.LambertianMulti[30].Lambertian.ProspectExternalModule.ProspectExternParameters.Cw
 -> nbValue   = 1

DartSequencerParameter n 302
 -> numGroupe = 1
 -> nomParam  = Coeff_diff.Surfaces.LambertianMultiFunctions.LambertianMulti[31].Lambertian.ProspectExternalModule.ProspectExternParameters.Cw
 -> nbValue   = 1

DartSequencerParameter n 303
 -> numGroupe = 1
 -> nomParam  = Coeff_diff.Surfaces.LambertianMultiFunctions.LambertianMulti[32].Lambertian.ProspectExternalModule.ProspectExternParameters.Cw
 -> nbValue   = 1

DartSequencerParameter n 304
 -> numGroupe = 1
 -> nomParam  = Coeff_diff.Surfaces.LambertianMultiFunctions.LambertianMulti[33].Lambertian.ProspectExternalModule.ProspectExternParameters.Cw
 -> nbValue   = 1

DartSequencerParameter n 305
 -> numGroupe = 1
 -> nomParam  = Coeff_diff.Surfaces.LambertianMultiFunctions.LambertianMulti[34].Lambertian.ProspectExternalModule.ProspectExternParameters.Cw
 -> nbValue   = 1

DartSequencerParameter n 306
 -> numGroupe = 1
 -> nomParam  = Coeff_diff.Surfaces.LambertianMultiFunctions.LambertianMulti[35].Lambertian.ProspectExternalModule.ProspectExternParameters.Cw
 -> nbValue   = 1

DartSequencerParameter n 307
 -> numGroupe = 1
 -> nomParam  = Coeff_diff.Surfaces.LambertianMultiFunctions.LambertianMulti[36].Lambertian.ProspectExternalModule.ProspectExternParameters.Cw
 -> nbValue   = 1

DartSequencerParameter n 308
 -> numGroupe = 1
 -> nomParam  = Coeff_diff.Surfaces.LambertianMultiFunctions.LambertianMulti[37].Lambertian.ProspectExternalModule.ProspectExternParameters.Cw
 -> nbValue   = 1

DartSequencerParameter n 309
 -> numGroupe = 1
 -> nomParam  = Coeff_diff.Surfaces.LambertianMultiFunctions.LambertianMulti[38].Lambertian.ProspectExternalModule.ProspectExternParameters.Cw
 -> nbValue   = 1

DartSequencerParameter n 310
 -> numGroupe = 1
 -> nomParam  = Coeff_diff.Surfaces.LambertianMultiFunctions.LambertianMulti[39].Lambertian.ProspectExternalModule.ProspectExternParameters.Cw
 -> nbValue   = 1

DartSequencerParameter n 311
 -> numGroupe = 1
 -> nomParam  = Coeff_diff.Surfaces.LambertianMultiFunctions.LambertianMulti[40].Lambertian.ProspectExternalModule.ProspectExternParameters.Cw
 -> nbValue   = 1

DartSequencerParameter n 312
 -> numGroupe = 1
 -> nomParam  = Coeff_diff.Surfaces.LambertianMultiFunctions.LambertianMulti[41].Lambertian.ProspectExternalModule.ProspectExternParameters.Cw
 -> nbValue   = 1

DartSequencerParameter n 313
 -> numGroupe = 1
 -> nomParam  = Coeff_diff.Surfaces.LambertianMultiFunctions.LambertianMulti[42].Lambertian.ProspectExternalModule.ProspectExternParameters.Cw
 -> nbValue   = 1

DartSequencerParameter n 314
 -> numGroupe = 1
 -> nomParam  = Coeff_diff.Surfaces.LambertianMultiFunctions.LambertianMulti[43].Lambertian.ProspectExternalModule.ProspectExternParameters.Cw
 -> nbValue   = 1

DartSequencerParameter n 315
 -> numGroupe = 1
 -> nomParam  = Coeff_diff.Surfaces.LambertianMultiFunctions.LambertianMulti[44].Lambertian.ProspectExternalModule.ProspectExternParameters.Cw
 -> nbValue   = 1

DartSequencerParameter n 316
 -> numGroupe = 1
 -> nomParam  = Coeff_diff.Surfaces.LambertianMultiFunctions.LambertianMulti[45].Lambertian.ProspectExternalModule.ProspectExternParameters.Cw
 -> nbValue   = 1

DartSequencerParameter n 317
 -> numGroupe = 1
 -> nomParam  = Coeff_diff.Surfaces.LambertianMultiFunctions.LambertianMulti[46].Lambertian.ProspectExternalModule.ProspectExternParameters.Cw
 -> nbValue   = 1

DartSequencerParameter n 318
 -> numGroupe = 1
 -> nomParam  = Coeff_diff.Surfaces.LambertianMultiFunctions.LambertianMulti[47].Lambertian.ProspectExternalModule.ProspectExternParameters.Cw
 -> nbValue   = 1

DartSequencerParameter n 319
 -> numGroupe = 1
 -> nomParam  = Coeff_diff.Surfaces.LambertianMultiFunctions.LambertianMulti[48].Lambertian.ProspectExternalModule.ProspectExternParameters.Cw
 -> nbValue   = 1

DartSequencerParameter n 320
 -> numGroupe = 1
 -> nomParam  = Coeff_diff.Surfaces.LambertianMultiFunctions.LambertianMulti[49].Lambertian.ProspectExternalModule.ProspectExternParameters.Cw
 -> nbValue   = 1

DartSequencerParameter n 321
 -> numGroupe = 1
 -> nomParam  = Coeff_diff.Surfaces.LambertianMultiFunctions.LambertianMulti[50].Lambertian.ProspectExternalModule.ProspectExternParameters.Cw
 -> nbValue   = 1

DartSequencerParameter n 322
 -> numGroupe = 1
 -> nomParam  = Coeff_diff.Surfaces.LambertianMultiFunctions.LambertianMulti[51].Lambertian.ProspectExternalModule.ProspectExternParameters.Cw
 -> nbValue   = 1

DartSequencerParameter n 323
 -> numGroupe = 1
 -> nomParam  = Coeff_diff.Surfaces.LambertianMultiFunctions.LambertianMulti[52].Lambertian.ProspectExternalModule.ProspectExternParameters.Cw
 -> nbValue   = 1

DartSequencerParameter n 324
 -> numGroupe = 1
 -> nomParam  = Coeff_diff.Surfaces.LambertianMultiFunctions.LambertianMulti[53].Lambertian.ProspectExternalModule.ProspectExternParameters.Cw
 -> nbValue   = 1

DartSequencerParameter n 325
 -> numGroupe = 1
 -> nomParam  = Coeff_diff.Surfaces.LambertianMultiFunctions.LambertianMulti[54].Lambertian.ProspectExternalModule.ProspectExternParameters.Cw
 -> nbValue   = 1

DartSequencerParameter n 326
 -> numGroupe = 1
 -> nomParam  = Coeff_diff.Surfaces.LambertianMultiFunctions.LambertianMulti[55].Lambertian.ProspectExternalModule.ProspectExternParameters.Cw
 -> nbValue   = 1

DartSequencerParameter n 327
 -> numGroupe = 1
 -> nomParam  = Coeff_diff.Surfaces.LambertianMultiFunctions.LambertianMulti[56].Lambertian.ProspectExternalModule.ProspectExternParameters.Cw
 -> nbValue   = 1

DartSequencerParameter n 328
 -> numGroupe = 1
 -> nomParam  = Coeff_diff.Surfaces.LambertianMultiFunctions.LambertianMulti[57].Lambertian.ProspectExternalModule.ProspectExternParameters.Cw
 -> nbValue   = 1

DartSequencerParameter n 329
 -> numGroupe = 1
 -> nomParam  = Coeff_diff.Surfaces.LambertianMultiFunctions.LambertianMulti[58].Lambertian.ProspectExternalModule.ProspectExternParameters.Cw
 -> nbValue   = 1

DartSequencerParameter n 330
 -> numGroupe = 1
 -> nomParam  = Coeff_diff.Surfaces.LambertianMultiFunctions.LambertianMulti[59].Lambertian.ProspectExternalModule.ProspectExternParameters.Cw
 -> nbValue   = 1

DartSequencerParameter n 331
 -> numGroupe = 1
 -> nomParam  = Coeff_diff.Surfaces.LambertianMultiFunctions.LambertianMulti[60].Lambertian.ProspectExternalModule.ProspectExternParameters.Cw
 -> nbValue   = 1

DartSequencerParameter n 332
 -> numGroupe = 1
 -> nomParam  = Coeff_diff.Surfaces.LambertianMultiFunctions.LambertianMulti[61].Lambertian.ProspectExternalModule.ProspectExternParameters.Cw
 -> nbValue   = 1

DartSequencerParameter n 333
 -> numGroupe = 1
 -> nomParam  = Coeff_diff.Surfaces.LambertianMultiFunctions.LambertianMulti[62].Lambertian.ProspectExternalModule.ProspectExternParameters.Cw
 -> nbValue   = 1

DartSequencerParameter n 334
 -> numGroupe = 1
 -> nomParam  = Coeff_diff.Surfaces.LambertianMultiFunctions.LambertianMulti[63].Lambertian.ProspectExternalModule.ProspectExternParameters.Cw
 -> nbValue   = 1

DartSequencerParameter n 335
 -> numGroupe = 1
 -> nomParam  = Coeff_diff.Surfaces.LambertianMultiFunctions.LambertianMulti[64].Lambertian.ProspectExternalModule.ProspectExternParameters.Cw
 -> nbValue   = 1

DartSequencerParameter n 336
 -> numGroupe = 1
 -> nomParam  = Coeff_diff.Surfaces.LambertianMultiFunctions.LambertianMulti[65].Lambertian.ProspectExternalModule.ProspectExternParameters.Cw
 -> nbValue   = 1

DartSequencerParameter n 337
 -> numGroupe = 1
 -> nomParam  = Coeff_diff.Surfaces.LambertianMultiFunctions.LambertianMulti[66].Lambertian.ProspectExternalModule.ProspectExternParameters.Cw
 -> nbValue   = 1

DartSequencerParameter n 338
 -> numGroupe = 1
 -> nomParam  = Coeff_diff.Surfaces.LambertianMultiFunctions.LambertianMulti[67].Lambertian.ProspectExternalModule.ProspectExternParameters.Cw
 -> nbValue   = 1

DartSequencerParameter n 339
 -> numGroupe = 1
 -> nomParam  = Coeff_diff.Surfaces.LambertianMultiFunctions.LambertianMulti[68].Lambertian.ProspectExternalModule.ProspectExternParameters.Cw
 -> nbValue   = 1

DartSequencerParameter n 340
 -> numGroupe = 1
 -> nomParam  = Coeff_diff.Surfaces.LambertianMultiFunctions.LambertianMulti[69].Lambertian.ProspectExternalModule.ProspectExternParameters.Cw
 -> nbValue   = 1

DartSequencerParameter n 341
 -> numGroupe = 1
 -> nomParam  = Coeff_diff.Surfaces.LambertianMultiFunctions.LambertianMulti[70].Lambertian.ProspectExternalModule.ProspectExternParameters.Cw
 -> nbValue   = 1

DartSequencerParameter n 342
 -> numGroupe = 1
 -> nomParam  = Coeff_diff.Surfaces.LambertianMultiFunctions.LambertianMulti[71].Lambertian.ProspectExternalModule.ProspectExternParameters.Cw
 -> nbValue   = 1

DartSequencerParameter n 343
 -> numGroupe = 1
 -> nomParam  = Coeff_diff.Surfaces.LambertianMultiFunctions.LambertianMulti[72].Lambertian.ProspectExternalModule.ProspectExternParameters.Cw
 -> nbValue   = 1

DartSequencerParameter n 344
 -> numGroupe = 1
 -> nomParam  = Coeff_diff.Surfaces.LambertianMultiFunctions.LambertianMulti[73].Lambertian.ProspectExternalModule.ProspectExternParameters.Cw
 -> nbValue   = 1

DartSequencerParameter n 345
 -> numGroupe = 1
 -> nomParam  = Coeff_diff.Surfaces.LambertianMultiFunctions.LambertianMulti[74].Lambertian.ProspectExternalModule.ProspectExternParameters.Cw
 -> nbValue   = 1

DartSequencerParameter n 346
 -> numGroupe = 1
 -> nomParam  = Coeff_diff.Surfaces.LambertianMultiFunctions.LambertianMulti[75].Lambertian.ProspectExternalModule.ProspectExternParameters.Cw
 -> nbValue   = 1

DartSequencerParameter n 347
 -> numGroupe = 1
 -> nomParam  = Coeff_diff.Surfaces.LambertianMultiFunctions.LambertianMulti[76].Lambertian.ProspectExternalModule.ProspectExternParameters.Cw
 -> nbValue   = 1

DartSequencerParameter n 348
 -> numGroupe = 1
 -> nomParam  = Coeff_diff.Surfaces.LambertianMultiFunctions.LambertianMulti[77].Lambertian.ProspectExternalModule.ProspectExternParameters.Cw
 -> nbValue   = 1

DartSequencerParameter n 349
 -> numGroupe = 1
 -> nomParam  = Coeff_diff.Surfaces.LambertianMultiFunctions.LambertianMulti[78].Lambertian.ProspectExternalModule.ProspectExternParameters.Cw
 -> nbValue   = 1

DartSequencerParameter n 350
 -> numGroupe = 1
 -> nomParam  = Coeff_diff.Surfaces.LambertianMultiFunctions.LambertianMulti[79].Lambertian.ProspectExternalModule.ProspectExternParameters.Cw
 -> nbValue   = 1

DartSequencerParameter n 351
 -> numGroupe = 1
 -> nomParam  = Coeff_diff.Surfaces.LambertianMultiFunctions.LambertianMulti[80].Lambertian.ProspectExternalModule.ProspectExternParameters.Cw
 -> nbValue   = 1

DartSequencerParameter n 352
 -> numGroupe = 1
 -> nomParam  = Coeff_diff.Surfaces.LambertianMultiFunctions.LambertianMulti[81].Lambertian.ProspectExternalModule.ProspectExternParameters.Cw
 -> nbValue   = 1

DartSequencerParameter n 353
 -> numGroupe = 1
 -> nomParam  = Coeff_diff.Surfaces.LambertianMultiFunctions.LambertianMulti[82].Lambertian.ProspectExternalModule.ProspectExternParameters.Cw
 -> nbValue   = 1

DartSequencerParameter n 354
 -> numGroupe = 1
 -> nomParam  = Coeff_diff.Surfaces.LambertianMultiFunctions.LambertianMulti[83].Lambertian.ProspectExternalModule.ProspectExternParameters.Cw
 -> nbValue   = 1

DartSequencerParameter n 355
 -> numGroupe = 1
 -> nomParam  = Coeff_diff.Surfaces.LambertianMultiFunctions.LambertianMulti[84].Lambertian.ProspectExternalModule.ProspectExternParameters.Cw
 -> nbValue   = 1

DartSequencerParameter n 356
 -> numGroupe = 1
 -> nomParam  = Coeff_diff.Surfaces.LambertianMultiFunctions.LambertianMulti[85].Lambertian.ProspectExternalModule.ProspectExternParameters.Cw
 -> nbValue   = 1

DartSequencerParameter n 357
 -> numGroupe = 1
 -> nomParam  = Coeff_diff.Surfaces.LambertianMultiFunctions.LambertianMulti[86].Lambertian.ProspectExternalModule.ProspectExternParameters.Cw
 -> nbValue   = 1

DartSequencerParameter n 358
 -> numGroupe = 1
 -> nomParam  = Coeff_diff.Surfaces.LambertianMultiFunctions.LambertianMulti[87].Lambertian.ProspectExternalModule.ProspectExternParameters.Cw
 -> nbValue   = 1

DartSequencerParameter n 359
 -> numGroupe = 1
 -> nomParam  = Coeff_diff.Surfaces.LambertianMultiFunctions.LambertianMulti[88].Lambertian.ProspectExternalModule.ProspectExternParameters.Cw
 -> nbValue   = 1

DartSequencerParameter n 360
 -> numGroupe = 1
 -> nomParam  = Coeff_diff.Surfaces.LambertianMultiFunctions.LambertianMulti[89].Lambertian.ProspectExternalModule.ProspectExternParameters.Cw
 -> nbValue   = 1

DartSequencerParameter n 361
 -> numGroupe = 2
 -> nomParam  = Maket.Soil.OpticalPropertyLink.ident
 -> nbValue   = 30

DartSequencerParameter n 362
 -> numGroupe = 2
 -> nomParam  = Maket.Soil.OpticalPropertyLink.indexFctPhase
 -> nbValue   = 30
 -> Base simulation : C:\Users\OUSSEMA\DART\user_data\simulations\simulation_test
           DartSequenceRunner 2.0
 - Total processing time : 0 hours 6 minutes 25 secondes 325 millisecondes 
